// Jest Snapshot v1, https://goo.gl/fbAQLP

exports[`<Square /> should match snapshot after click 1`] = `
<button
  className="MuiButtonBase-root-28 MuiButton-root-2 MuiButton-outlined-10 Square-cell-1"
  disabled={false}
  onBlur={[Function]}
  onClick={[Function]}
  onContextMenu={[Function]}
  onFocus={[Function]}
  onKeyDown={[Function]}
  onKeyUp={[Function]}
  onMouseDown={[Function]}
  onMouseLeave={[Function]}
  onMouseUp={[Function]}
  onTouchEnd={[Function]}
  onTouchMove={[Function]}
  onTouchStart={[Function]}
  tabIndex="0"
  type="button"
>
  <span
    className="MuiButton-label-3"
  >
    X
  </span>
  <span
    className="MuiTouchRipple-root-31"
  />
</button>
`;

exports[`<Square /> should match snapshot with empty value 1`] = `
<button
  className="MuiButtonBase-root-28 MuiButton-root-2 MuiButton-outlined-10 Square-cell-1"
  disabled={false}
  onBlur={[Function]}
  onClick={[Function]}
  onContextMenu={[Function]}
  onFocus={[Function]}
  onKeyDown={[Function]}
  onKeyUp={[Function]}
  onMouseDown={[Function]}
  onMouseLeave={[Function]}
  onMouseUp={[Function]}
  onTouchEnd={[Function]}
  onTouchMove={[Function]}
  onTouchStart={[Function]}
  tabIndex="0"
  type="button"
>
  <span
    className="MuiButton-label-3"
  >
    X
  </span>
  <span
    className="MuiTouchRipple-root-31"
  />
</button>
`;

exports[`<Square /> should match snapshot with value 1`] = `
<button
  className="MuiButtonBase-root-28 MuiButton-root-2 MuiButton-outlined-10 Square-cell-1"
  disabled={false}
  onBlur={[Function]}
  onClick={[Function]}
  onContextMenu={[Function]}
  onFocus={[Function]}
  onKeyDown={[Function]}
  onKeyUp={[Function]}
  onMouseDown={[Function]}
  onMouseLeave={[Function]}
  onMouseUp={[Function]}
  onTouchEnd={[Function]}
  onTouchMove={[Function]}
  onTouchStart={[Function]}
  tabIndex="0"
  type="button"
>
  <span
    className="MuiButton-label-3"
  >
    X
  </span>
  <span
    className="MuiTouchRipple-root-31"
  />
</button>
`;
